C:\materija\RA247-2016\lab3\implementation\system.ngc 1521456690
C:/materija/RA247-2016/lab3/implementation/system_dip_switches_wrapper.ngc 1521456666
C:/materija/RA247-2016/lab3/implementation/system_rs232_wrapper.ngc 1521456652
C:/materija/RA247-2016/lab3/implementation/system_proc_sys_reset_0_wrapper.ngc 1521456582
C:/materija/RA247-2016/lab3/implementation/system_clock_generator_0_wrapper.ngc 1521456677
C:/materija/RA247-2016/lab3/implementation/system_microblaze_0_ilmb_wrapper.ngc 1521456669
C:/materija/RA247-2016/lab3/implementation/system_microblaze_0_dlmb_wrapper.ngc 1521456672
C:/materija/RA247-2016/lab3/implementation/system_axi4lite_0_wrapper.ngc 1521456680
C:/materija/RA247-2016/lab3/implementation/system_microblaze_0_wrapper.ngc 1521456674
C:/materija/RA247-2016/lab3/implementation/system_microblaze_0_i_bram_ctrl_wrapper.ngc 1521456591
C:/materija/RA247-2016/lab3/implementation/system_microblaze_0_d_bram_ctrl_wrapper.ngc 1521456599
C:/materija/RA247-2016/lab3/implementation/system_debug_module_wrapper.ngc 1521456634
C:/materija/RA247-2016/lab3/implementation/system_leds_wrapper.ngc 1521456659
C:/materija/RA247-2016/lab3/implementation/system_microblaze_0_bram_block_wrapper.ngc 1521456605
OK
